../Core/Src/main.c:200:6:ddsSet	16	static
../Core/Src/main.c:207:6:HAL_TIM_PeriodElapsedCallback	24	static
../Core/Src/main.c:217:6:HAL_ADC_ConvCpltCallback	16	static
../Core/Src/main.c:227:5:main	8	static
../Core/Src/main.c:281:6:SystemClock_Config	88	static
../Core/Src/main.c:327:13:MX_ADC1_Init	24	static
../Core/Src/main.c:379:13:MX_DAC_Init	16	static
../Core/Src/main.c:419:13:MX_TIM2_Init	32	static
../Core/Src/main.c:464:13:MX_TIM3_Init	32	static
../Core/Src/main.c:509:13:MX_GPIO_Init	56	static
../Core/Src/main.c:656:6:Error_Handler	4	static,ignoring_inline_asm
