../Core/Src/main.c:200:6:ddsSet	16	static
../Core/Src/main.c:207:6:HAL_TIM_PeriodElapsedCallback	32	static
../Core/Src/main.c:219:6:HAL_ADC_ConvCpltCallback	16	static
../Core/Src/main.c:229:5:main	8	static
../Core/Src/main.c:282:6:SystemClock_Config	88	static
../Core/Src/main.c:328:13:MX_ADC1_Init	24	static
../Core/Src/main.c:380:13:MX_DAC_Init	16	static
../Core/Src/main.c:420:13:MX_TIM2_Init	32	static
../Core/Src/main.c:465:13:MX_TIM3_Init	32	static
../Core/Src/main.c:510:13:MX_GPIO_Init	56	static
../Core/Src/main.c:657:6:Error_Handler	4	static,ignoring_inline_asm
